libRS {
  global:
    rsaAllocationGetType;
    rsaContextSetNativeLibDir;
    rsaElementGetNativeData;
    rsaElementGetSubElements;
    rsaGetName;
    rsAllocation1DData;
    rsAllocation1DElementData;
    rsAllocation1DRead;
    rsAllocation2DData;
    rsAllocation2DRead;
    rsAllocation3DData;
    rsAllocation3DRead;
    rsAllocationAdapterCreate;
    rsAllocationAdapterOffset;
    rsAllocationCopy2DRange;
    rsAllocationCopy3DRange;
    rsAllocationCopyToBitmap;
    rsAllocationCreateFromBitmap;
    rsAllocationCreateTyped;
    rsAllocationCubeCreateFromBitmap;
    rsAllocationElementData;
    rsAllocationElementRead;
    rsAllocationGenerateMipmaps;
    rsAllocationGetPointer;
    rsAllocationGetSurface;
    rsAllocationIoReceive;
    rsAllocationIoSend;
    rsAllocationRead;
    rsAllocationResize1D;
    rsAllocationSetSurface;
    rsAllocationSetupBufferQueue;
    rsAllocationShareBufferQueue;
    rsAllocationSyncAll;
    rsAssignName;
    rsaTypeGetNativeData;
    rsClosureCreate;
    rsClosureSetArg;
    rsClosureSetGlobal;
    rsContextBindProgramFragment;
    rsContextBindProgramRaster;
    rsContextBindProgramStore;
    rsContextBindProgramVertex;
    rsContextBindRootScript;
    rsContextCreate;
    rsContextDeinitToClient;
    rsContextDestroy;
    rsContextDestroyWorker;
    rsContextDump;
    rsContextFinish;
    rsContextGetMessage;
    rsContextInitToClient;
    rsContextPause;
    rsContextPeekMessage;
    rsContextResume;
    rsContextSendMessage;
    rsContextSetCacheDir;
    rsContextSetPriority;
    rsContextSetSurface;
    rsDeviceCreate;
    rsDeviceDestroy;
    rsDeviceSetConfig;
    rsElementCreate;
    rsElementCreate2;
    rsFontCreateFromFile;
    rsFontCreateFromMemory;
    rsInvokeClosureCreate;
    rsMeshCreate;
    rsObjDestroy;
    rsProgramBindConstants;
    rsProgramBindSampler;
    rsProgramBindTexture;
    rsProgramFragmentCreate;
    rsProgramRasterCreate;
    rsProgramStoreCreate;
    rsProgramVertexCreate;
    rsSamplerCreate;
    rsScriptBindAllocation;
    rsScriptCCreate;
    rsScriptFieldIDCreate;
    rsScriptForEach;
    rsScriptForEachMulti;
    rsScriptGetVarV;
    rsScriptGroup2Create;
    rsScriptGroup2Create;
    rsScriptGroupCreate;
    rsScriptGroupExecute;
    rsScriptGroupSetInput;
    rsScriptGroupSetOutput;
    rsScriptIntrinsicCreate;
    rsScriptInvoke;
    rsScriptInvokeIDCreate;
    rsScriptInvokeV;
    rsScriptKernelIDCreate;
    rsScriptReduce;
    rsScriptSetTimeZone;
    rsScriptSetVarD;
    rsScriptSetVarF;
    rsScriptSetVarI;
    rsScriptSetVarJ;
    rsScriptSetVarObj;
    rsScriptSetVarV;
    rsScriptSetVarVE;
    rsTypeCreate;
    rsTypeCreate2;
    _Z24rsaFileA3DCreateFromFilePvPKc;
    _Z25rsaFileA3DCreateFromAssetPvS_;
    _Z25rsaFileA3DGetEntryByIndexPvjS_;
    _Z25rsaFileA3DGetIndexEntriesPvP16RsFileIndexEntryjS_;
    _Z26rsaFileA3DCreateFromMemoryPvPKvj;
    _Z28rsaFileA3DGetNumIndexEntriesPvPiS_;
    _Z17rsaMeshGetIndicesPvS_PS_Pjj;
    _Z18rsaMeshGetVerticesPvS_PS_j;
    _Z20rsaMeshGetIndexCountPvS_Pi;
    _Z27rsaMeshGetVertexBufferCountPvS_Pi;
    _Z17rsContextCreateGLPvjj15RsSurfaceConfigj;

  local:
    *;
};
